2025-06-17 13:03:26.003  INFO 71494 --- [main] c.t.p.t.m.job.MerchantScheduledJobTest   : Starting MerchantScheduledJobTest using Java 17 on bogon with PID 71494 (started by croot in /Users/croot/Documents/GW/project/IDEA_WorkSpace/ap-product-trading-service)
2025-06-17 13:03:26.014  INFO 71494 --- [main] c.t.p.t.m.job.MerchantScheduledJobTest   : The following 1 profile is active: "test"
2025-06-17 13:03:26.599  INFO 71494 --- [main] .s.d.r.c.RepositoryConfigurationDelegate : Multiple Spring Data modules found, entering strict repository configuration mode!
2025-06-17 13:03:26.601  INFO 71494 --- [main] .s.d.r.c.RepositoryConfigurationDelegate : Bootstrapping Spring Data Redis repositories in DEFAULT mode.
2025-06-17 13:03:26.621  INFO 71494 --- [main] .s.d.r.c.RepositoryConfigurationDelegate : Finished Spring Data repository scanning in 9 ms. Found 0 Redis repository interfaces.
2025-06-17 13:03:28.130  INFO 71494 --- [main] c.t.p.t.m.job.MerchantScheduledJobTest   : Started MerchantScheduledJobTest in 2.303 seconds (JVM running for 3.143)
2025-06-17 13:03:28.348  INFO 71494 --- [main] c.t.p.t.m.job.MerchantScheduledJobTest   : null
2025-06-17 13:03:28.348  WARN 71494 --- [taskExecutor-Executor-0] c.b.m.c.t.support.ReflectLambdaMeta      : Unable to make field private final java.lang.Class java.lang.invoke.SerializedLambda.capturingClass accessible: module java.base does not "opens java.lang.invoke" to unnamed module @1c655221
2025-06-17 13:03:28.361  WARN 71494 --- [taskExecutor-Executor-0] com.zaxxer.hikari.HikariConfig           : HikariPool-1 - idleTimeout is close to or more than maxLifetime, disabling it.
2025-06-17 13:03:28.362  INFO 71494 --- [taskExecutor-Executor-0] com.zaxxer.hikari.HikariDataSource       : HikariPool-1 - Starting...
2025-06-17 13:05:40.714  INFO 73014 --- [main] c.t.p.t.m.job.MerchantScheduledJobTest   : Starting MerchantScheduledJobTest using Java 17 on bogon with PID 73014 (started by croot in /Users/croot/Documents/GW/project/IDEA_WorkSpace/ap-product-trading-service)
2025-06-17 13:05:40.715  INFO 73014 --- [main] c.t.p.t.m.job.MerchantScheduledJobTest   : The following 1 profile is active: "test"
2025-06-17 13:05:41.103  INFO 73014 --- [main] .s.d.r.c.RepositoryConfigurationDelegate : Multiple Spring Data modules found, entering strict repository configuration mode!
2025-06-17 13:05:41.105  INFO 73014 --- [main] .s.d.r.c.RepositoryConfigurationDelegate : Bootstrapping Spring Data Redis repositories in DEFAULT mode.
2025-06-17 13:05:41.121  INFO 73014 --- [main] .s.d.r.c.RepositoryConfigurationDelegate : Finished Spring Data repository scanning in 8 ms. Found 0 Redis repository interfaces.
2025-06-17 13:05:42.414  INFO 73014 --- [main] c.t.p.t.m.job.MerchantScheduledJobTest   : Started MerchantScheduledJobTest in 1.935 seconds (JVM running for 2.583)
2025-06-17 13:05:42.620  WARN 73014 --- [main] c.b.m.c.t.support.ReflectLambdaMeta      : Unable to make field private final java.lang.Class java.lang.invoke.SerializedLambda.capturingClass accessible: module java.base does not "opens java.lang.invoke" to unnamed module @1c655221
2025-06-17 13:05:42.629  WARN 73014 --- [main] com.zaxxer.hikari.HikariConfig           : HikariPool-1 - idleTimeout is close to or more than maxLifetime, disabling it.
2025-06-17 13:05:42.629  INFO 73014 --- [main] com.zaxxer.hikari.HikariDataSource       : HikariPool-1 - Starting...
2025-06-17 13:05:43.715  INFO 73014 --- [main] com.zaxxer.hikari.HikariDataSource       : HikariPool-1 - Start completed.
2025-06-17 13:06:55.013 ERROR 73014 --- [main] c.t.p.t.m.job.MerchantScheduledJob       : MerchantScheduledJob clearBatch对账不通过！merchantId=3 setDt=20250616 amount=5199.96
2025-06-17 13:07:01.550 ERROR 73014 --- [main] c.t.p.t.m.job.MerchantScheduledJob       : MerchantScheduledJob clearBatch 每日定时结算失败！yesterday=20250616 outList=[]
2025-06-17 13:07:01.591  INFO 73014 --- [main] c.t.p.t.m.job.MerchantScheduledJobTest   : {"data":[],"message":"成功","status":200,"success":true}
2025-06-17 13:07:01.608  INFO 73014 --- [SpringApplicationShutdownHook] com.zaxxer.hikari.HikariDataSource       : HikariPool-1 - Shutdown initiated...
2025-06-17 13:07:02.267  INFO 73014 --- [SpringApplicationShutdownHook] com.zaxxer.hikari.HikariDataSource       : HikariPool-1 - Shutdown completed.
2025-06-17 13:09:13.014  INFO 75430 --- [main] c.test.product.trading.BootApplication   : Starting BootApplication using Java 17 on bogon with PID 75430 (/Users/croot/Documents/GW/project/IDEA_WorkSpace/ap-product-trading-service/target/classes started by croot in /Users/croot/Documents/GW/project/IDEA_WorkSpace/ap-product-trading-service)
2025-06-17 13:09:13.015  INFO 75430 --- [main] c.test.product.trading.BootApplication   : The following 1 profile is active: "test"
2025-06-17 13:09:13.378  INFO 75430 --- [main] .s.d.r.c.RepositoryConfigurationDelegate : Multiple Spring Data modules found, entering strict repository configuration mode!
2025-06-17 13:09:13.379  INFO 75430 --- [main] .s.d.r.c.RepositoryConfigurationDelegate : Bootstrapping Spring Data Redis repositories in DEFAULT mode.
2025-06-17 13:09:13.397  INFO 75430 --- [main] .s.d.r.c.RepositoryConfigurationDelegate : Finished Spring Data repository scanning in 9 ms. Found 0 Redis repository interfaces.
2025-06-17 13:09:13.759  INFO 75430 --- [main] o.s.b.w.embedded.tomcat.TomcatWebServer  : Tomcat initialized with port(s): 17560 (http)
2025-06-17 13:09:13.765  INFO 75430 --- [main] o.apache.catalina.core.StandardService   : Starting service [Tomcat]
2025-06-17 13:09:13.766  INFO 75430 --- [main] org.apache.catalina.core.StandardEngine  : Starting Servlet engine: [Apache Tomcat/9.0.60]
2025-06-17 13:09:13.822  INFO 75430 --- [main] o.a.c.c.C.[Tomcat].[localhost].[/]       : Initializing Spring embedded WebApplicationContext
2025-06-17 13:09:13.822  INFO 75430 --- [main] w.s.c.ServletWebServerApplicationContext : Root WebApplicationContext: initialization completed in 782 ms
2025-06-17 13:09:14.548  INFO 75430 --- [main] o.s.b.w.embedded.tomcat.TomcatWebServer  : Tomcat started on port(s): 17560 (http) with context path ''
2025-06-17 13:09:14.555  INFO 75430 --- [main] c.test.product.trading.BootApplication   : Started BootApplication in 1.779 seconds (JVM running for 2.16)
2025-06-17 13:10:00.052  WARN 75430 --- [scheduling-1] c.b.m.c.t.support.ReflectLambdaMeta      : Unable to make field private final java.lang.Class java.lang.invoke.SerializedLambda.capturingClass accessible: module java.base does not "opens java.lang.invoke" to unnamed module @23d2a7e8
2025-06-17 13:10:00.065  WARN 75430 --- [scheduling-1] com.zaxxer.hikari.HikariConfig           : HikariPool-1 - idleTimeout is close to or more than maxLifetime, disabling it.
2025-06-17 13:10:00.065  INFO 75430 --- [scheduling-1] com.zaxxer.hikari.HikariDataSource       : HikariPool-1 - Starting...
2025-06-17 13:10:00.689  INFO 75430 --- [scheduling-1] com.zaxxer.hikari.HikariDataSource       : HikariPool-1 - Start completed.
2025-06-17 13:10:57.344 ERROR 75430 --- [scheduling-1] c.t.p.t.m.job.MerchantScheduledJob       : MerchantScheduledJob clearBatch对账不通过！merchantId=3 setDt=20250616 amount=5199.96
2025-06-17 13:10:57.415  INFO 75430 --- [SpringApplicationShutdownHook] com.zaxxer.hikari.HikariDataSource       : HikariPool-1 - Shutdown initiated...
2025-06-17 13:10:57.462  INFO 75430 --- [SpringApplicationShutdownHook] com.zaxxer.hikari.HikariDataSource       : HikariPool-1 - Shutdown completed.
2025-06-17 13:11:35.046  INFO 77019 --- [main] c.t.p.t.m.job.MerchantScheduledJobTest   : Starting MerchantScheduledJobTest using Java 17 on bogon with PID 77019 (started by croot in /Users/croot/Documents/GW/project/IDEA_WorkSpace/ap-product-trading-service)
2025-06-17 13:11:35.047  INFO 77019 --- [main] c.t.p.t.m.job.MerchantScheduledJobTest   : The following 1 profile is active: "test"
2025-06-17 13:11:35.398  INFO 77019 --- [main] .s.d.r.c.RepositoryConfigurationDelegate : Multiple Spring Data modules found, entering strict repository configuration mode!
2025-06-17 13:11:35.400  INFO 77019 --- [main] .s.d.r.c.RepositoryConfigurationDelegate : Bootstrapping Spring Data Redis repositories in DEFAULT mode.
2025-06-17 13:11:35.417  INFO 77019 --- [main] .s.d.r.c.RepositoryConfigurationDelegate : Finished Spring Data repository scanning in 10 ms. Found 0 Redis repository interfaces.
2025-06-17 13:11:37.020  INFO 77019 --- [main] c.t.p.t.m.job.MerchantScheduledJobTest   : Started MerchantScheduledJobTest in 2.13 seconds (JVM running for 2.575)
2025-06-17 13:11:37.230  WARN 77019 --- [main] c.b.m.c.t.support.ReflectLambdaMeta      : Unable to make field private final java.lang.Class java.lang.invoke.SerializedLambda.capturingClass accessible: module java.base does not "opens java.lang.invoke" to unnamed module @1c655221
2025-06-17 13:11:37.239  WARN 77019 --- [main] com.zaxxer.hikari.HikariConfig           : HikariPool-1 - idleTimeout is close to or more than maxLifetime, disabling it.
2025-06-17 13:11:37.239  INFO 77019 --- [main] com.zaxxer.hikari.HikariDataSource       : HikariPool-1 - Starting...
2025-06-17 13:11:37.857  INFO 77019 --- [main] com.zaxxer.hikari.HikariDataSource       : HikariPool-1 - Start completed.
2025-06-17 13:12:47.500  INFO 77019 --- [main] c.t.p.t.m.job.MerchantScheduledJob       : MerchantScheduledJob clearBatch 每日定时结算完成！yesterday=20250616 outList=[MerchantAccount(id=13, merchantId=3, balance=5199.96, currency=CNY, setDt=20250616, createTime=Tue Jun 17 13:12:42 CST 2025, updateTime=Tue Jun 17 13:12:42 CST 2025)]
2025-06-17 13:12:47.563  INFO 77019 --- [main] c.t.p.t.m.job.MerchantScheduledJobTest   : {"data":[{"balance":5199.96,"createTime":1750137162795,"currency":"CNY","id":13,"merchantId":3,"setDt":"20250616","updateTime":1750137162795}],"message":"成功","status":200,"success":true}
2025-06-17 13:12:47.579  INFO 77019 --- [SpringApplicationShutdownHook] com.zaxxer.hikari.HikariDataSource       : HikariPool-1 - Shutdown initiated...
2025-06-17 13:12:47.739  INFO 77019 --- [SpringApplicationShutdownHook] com.zaxxer.hikari.HikariDataSource       : HikariPool-1 - Shutdown completed.
2025-06-17 13:16:33.208  INFO 80353 --- [main] c.test.product.trading.BootApplication   : Starting BootApplication using Java 17 on bogon with PID 80353 (/Users/croot/Documents/GW/project/IDEA_WorkSpace/ap-product-trading-service/target/classes started by croot in /Users/croot/Documents/GW/project/IDEA_WorkSpace/ap-product-trading-service)
2025-06-17 13:16:33.210  INFO 80353 --- [main] c.test.product.trading.BootApplication   : The following 1 profile is active: "test"
2025-06-17 13:16:33.594  INFO 80353 --- [main] .s.d.r.c.RepositoryConfigurationDelegate : Multiple Spring Data modules found, entering strict repository configuration mode!
2025-06-17 13:16:33.595  INFO 80353 --- [main] .s.d.r.c.RepositoryConfigurationDelegate : Bootstrapping Spring Data Redis repositories in DEFAULT mode.
2025-06-17 13:16:33.612  INFO 80353 --- [main] .s.d.r.c.RepositoryConfigurationDelegate : Finished Spring Data repository scanning in 8 ms. Found 0 Redis repository interfaces.
2025-06-17 13:16:33.956  INFO 80353 --- [main] o.s.b.w.embedded.tomcat.TomcatWebServer  : Tomcat initialized with port(s): 17560 (http)
2025-06-17 13:16:33.961  INFO 80353 --- [main] o.apache.catalina.core.StandardService   : Starting service [Tomcat]
2025-06-17 13:16:33.961  INFO 80353 --- [main] org.apache.catalina.core.StandardEngine  : Starting Servlet engine: [Apache Tomcat/9.0.60]
2025-06-17 13:16:34.009  INFO 80353 --- [main] o.a.c.c.C.[Tomcat].[localhost].[/]       : Initializing Spring embedded WebApplicationContext
2025-06-17 13:16:34.009  INFO 80353 --- [main] w.s.c.ServletWebServerApplicationContext : Root WebApplicationContext: initialization completed in 764 ms
2025-06-17 13:16:34.667  INFO 80353 --- [main] o.s.b.w.embedded.tomcat.TomcatWebServer  : Tomcat started on port(s): 17560 (http) with context path ''
2025-06-17 13:16:34.674  INFO 80353 --- [main] c.test.product.trading.BootApplication   : Started BootApplication in 1.681 seconds (JVM running for 1.873)
2025-06-17 13:16:40.428  INFO 80443 --- [main] c.test.product.trading.BootApplication   : Starting BootApplication using Java 17 on bogon with PID 80443 (/Users/croot/Documents/GW/project/IDEA_WorkSpace/ap-product-trading-service/target/classes started by croot in /Users/croot/Documents/GW/project/IDEA_WorkSpace/ap-product-trading-service)
2025-06-17 13:16:40.429  INFO 80443 --- [main] c.test.product.trading.BootApplication   : The following 1 profile is active: "test"
2025-06-17 13:16:40.752  INFO 80443 --- [main] .s.d.r.c.RepositoryConfigurationDelegate : Multiple Spring Data modules found, entering strict repository configuration mode!
2025-06-17 13:16:40.753  INFO 80443 --- [main] .s.d.r.c.RepositoryConfigurationDelegate : Bootstrapping Spring Data Redis repositories in DEFAULT mode.
2025-06-17 13:16:40.769  INFO 80443 --- [main] .s.d.r.c.RepositoryConfigurationDelegate : Finished Spring Data repository scanning in 8 ms. Found 0 Redis repository interfaces.
2025-06-17 13:16:41.132  INFO 80443 --- [main] o.s.b.w.embedded.tomcat.TomcatWebServer  : Tomcat initialized with port(s): 17560 (http)
2025-06-17 13:16:41.137  INFO 80443 --- [main] o.apache.catalina.core.StandardService   : Starting service [Tomcat]
2025-06-17 13:16:41.138  INFO 80443 --- [main] org.apache.catalina.core.StandardEngine  : Starting Servlet engine: [Apache Tomcat/9.0.60]
2025-06-17 13:16:41.188  INFO 80443 --- [main] o.a.c.c.C.[Tomcat].[localhost].[/]       : Initializing Spring embedded WebApplicationContext
2025-06-17 13:16:41.188  INFO 80443 --- [main] w.s.c.ServletWebServerApplicationContext : Root WebApplicationContext: initialization completed in 733 ms
2025-06-17 13:16:41.962  INFO 80443 --- [main] o.s.b.w.embedded.tomcat.TomcatWebServer  : Tomcat started on port(s): 17560 (http) with context path ''
2025-06-17 13:16:41.970  INFO 80443 --- [main] c.test.product.trading.BootApplication   : Started BootApplication in 1.762 seconds (JVM running for 2.001)
2025-06-17 13:17:00.060  WARN 80443 --- [scheduling-1] c.b.m.c.t.support.ReflectLambdaMeta      : Unable to make field private final java.lang.Class java.lang.invoke.SerializedLambda.capturingClass accessible: module java.base does not "opens java.lang.invoke" to unnamed module @23d2a7e8
2025-06-17 13:17:00.074  WARN 80443 --- [scheduling-1] com.zaxxer.hikari.HikariConfig           : HikariPool-1 - idleTimeout is close to or more than maxLifetime, disabling it.
2025-06-17 13:17:00.075  INFO 80443 --- [scheduling-1] com.zaxxer.hikari.HikariDataSource       : HikariPool-1 - Starting...
2025-06-17 13:17:00.672  INFO 80443 --- [scheduling-1] com.zaxxer.hikari.HikariDataSource       : HikariPool-1 - Start completed.
2025-06-17 13:17:43.260  INFO 80443 --- [scheduling-1] c.t.p.t.m.job.MerchantScheduledJob       : MerchantScheduledJob clearBatch 每日定时结算完成！yesterday=20250616 outList=[MerchantAccount(id=13, merchantId=3, balance=5199.96, currency=CNY, setDt=20250616, createTime=null, updateTime=Tue Jun 17 13:17:43 CST 2025)]
2025-06-17 13:18:12.097  INFO 80443 --- [SpringApplicationShutdownHook] com.zaxxer.hikari.HikariDataSource       : HikariPool-1 - Shutdown initiated...
2025-06-17 13:18:12.099  INFO 80443 --- [SpringApplicationShutdownHook] com.zaxxer.hikari.HikariDataSource       : HikariPool-1 - Shutdown completed.
2025-06-17 13:18:40.617  INFO 81795 --- [main] c.t.p.t.m.job.MerchantScheduledJobTest   : Starting MerchantScheduledJobTest using Java 17 on bogon with PID 81795 (started by croot in /Users/croot/Documents/GW/project/IDEA_WorkSpace/ap-product-trading-service)
2025-06-17 13:18:40.618  INFO 81795 --- [main] c.t.p.t.m.job.MerchantScheduledJobTest   : The following 1 profile is active: "test"
2025-06-17 13:18:40.943  INFO 81795 --- [main] .s.d.r.c.RepositoryConfigurationDelegate : Multiple Spring Data modules found, entering strict repository configuration mode!
2025-06-17 13:18:40.944  INFO 81795 --- [main] .s.d.r.c.RepositoryConfigurationDelegate : Bootstrapping Spring Data Redis repositories in DEFAULT mode.
2025-06-17 13:18:40.960  INFO 81795 --- [main] .s.d.r.c.RepositoryConfigurationDelegate : Finished Spring Data repository scanning in 8 ms. Found 0 Redis repository interfaces.
2025-06-17 13:18:42.037  INFO 81795 --- [main] c.t.p.t.m.job.MerchantScheduledJobTest   : Started MerchantScheduledJobTest in 1.559 seconds (JVM running for 1.996)
2025-06-17 13:18:42.219  WARN 81795 --- [main] c.b.m.c.t.support.ReflectLambdaMeta      : Unable to make field private final java.lang.Class java.lang.invoke.SerializedLambda.capturingClass accessible: module java.base does not "opens java.lang.invoke" to unnamed module @4e515669
2025-06-17 13:18:42.226  WARN 81795 --- [main] com.zaxxer.hikari.HikariConfig           : HikariPool-1 - idleTimeout is close to or more than maxLifetime, disabling it.
2025-06-17 13:18:42.227  INFO 81795 --- [main] com.zaxxer.hikari.HikariDataSource       : HikariPool-1 - Starting...
2025-06-17 13:18:42.816  INFO 81795 --- [main] com.zaxxer.hikari.HikariDataSource       : HikariPool-1 - Start completed.
2025-06-17 13:18:43.110  INFO 81795 --- [main] c.t.p.t.m.job.MerchantScheduledJob       : MerchantScheduledJob clearBatch 每日定时结算完成！yesterday=20250616 outList=[MerchantAccount(id=13, merchantId=3, balance=5199.96, currency=CNY, setDt=20250616, createTime=null, updateTime=Tue Jun 17 13:18:43 CST 2025)]
2025-06-17 13:18:43.154  INFO 81795 --- [main] c.t.p.t.m.job.MerchantScheduledJobTest   : {"data":[{"balance":5199.96,"currency":"CNY","id":13,"merchantId":3,"setDt":"20250616","updateTime":1750137523016}],"message":"成功","status":200,"success":true}
2025-06-17 13:18:43.166  INFO 81795 --- [SpringApplicationShutdownHook] com.zaxxer.hikari.HikariDataSource       : HikariPool-1 - Shutdown initiated...
2025-06-17 13:18:43.218  INFO 81795 --- [SpringApplicationShutdownHook] com.zaxxer.hikari.HikariDataSource       : HikariPool-1 - Shutdown completed.
2025-06-17 13:19:43.953  INFO 82502 --- [main] .t.p.t.u.c.UserAccountFlowControllerTest : Starting UserAccountFlowControllerTest using Java 17 on bogon with PID 82502 (started by croot in /Users/croot/Documents/GW/project/IDEA_WorkSpace/ap-product-trading-service)
2025-06-17 13:19:43.954  INFO 82502 --- [main] .t.p.t.u.c.UserAccountFlowControllerTest : The following 1 profile is active: "test"
2025-06-17 13:19:44.273  INFO 82502 --- [main] .s.d.r.c.RepositoryConfigurationDelegate : Multiple Spring Data modules found, entering strict repository configuration mode!
2025-06-17 13:19:44.274  INFO 82502 --- [main] .s.d.r.c.RepositoryConfigurationDelegate : Bootstrapping Spring Data Redis repositories in DEFAULT mode.
2025-06-17 13:19:44.290  INFO 82502 --- [main] .s.d.r.c.RepositoryConfigurationDelegate : Finished Spring Data repository scanning in 9 ms. Found 0 Redis repository interfaces.
2025-06-17 13:19:45.392  INFO 82502 --- [main] .t.p.t.u.c.UserAccountFlowControllerTest : Started UserAccountFlowControllerTest in 1.58 seconds (JVM running for 2.019)
2025-06-17 13:19:45.591  INFO 82502 --- [main] c.t.p.t.u.c.UserAccountFlowController    : UserAccountFlowController rechargeUserAccount rechargeVO:{"amount":1000,"userNumber":"13920002002"} 
2025-06-17 13:19:45.594  WARN 82502 --- [main] com.zaxxer.hikari.HikariConfig           : HikariPool-1 - idleTimeout is close to or more than maxLifetime, disabling it.
2025-06-17 13:19:45.595  INFO 82502 --- [main] com.zaxxer.hikari.HikariDataSource       : HikariPool-1 - Starting...
2025-06-17 13:19:46.174  INFO 82502 --- [main] com.zaxxer.hikari.HikariDataSource       : HikariPool-1 - Start completed.
2025-06-17 13:19:46.186  INFO 82502 --- [main] c.t.p.t.u.s.i.UserAccountFlowServiceImpl : UserAccountFlowServiceImpl rechargeUserAccount rechargeVO:{"amount":1000,"userNumber":"13920002002"} 
2025-06-17 13:19:46.607  WARN 82502 --- [main] c.b.m.c.t.support.ReflectLambdaMeta      : Unable to make field private final java.lang.Class java.lang.invoke.SerializedLambda.capturingClass accessible: module java.base does not "opens java.lang.invoke" to unnamed module @4e515669
2025-06-17 13:19:46.745  INFO 82502 --- [main] c.t.p.t.u.s.impl.UserAccountServiceImpl  : UserAccountServiceImpl addUserAccount userAccount:{"balance":2300.04,"createTime":1749973633593,"currency":"CNY","id":1,"setDt":"99991231","updateTime":1750137586734,"userId":1} 
2025-06-17 13:19:46.864  INFO 82502 --- [main] c.t.p.t.u.s.i.UserAccountFlowServiceImpl : UserAccountFlowServiceImpl rechargeUserAccount userAccountResponse=JsonResponse{status=200, message='成功', data=UserAccount(id=1, userId=1, balance=2300.04, currency=CNY, setDt=99991231, createTime=Sun Jun 15 15:47:13 CST 2025, updateTime=Tue Jun 17 13:19:46 CST 2025)}
2025-06-17 13:19:46.872  INFO 82502 --- [main] c.t.p.t.u.s.i.UserAccountFlowServiceImpl : UserAccountFlowServiceImpl addUserAccountFlow userAccountFlow:{"accountId":1,"amount":1000,"createDt":"20250617","trdType":1} 
2025-06-17 13:19:47.016  INFO 82502 --- [main] .t.p.t.u.c.UserAccountFlowControllerTest : {"data":{"accountId":1,"amount":1000,"createDt":"20250617","createTime":1750137586873,"id":12,"trdType":1,"updateTime":1750137586873},"message":"成功","status":200,"success":true}
2025-06-17 13:19:47.135  INFO 82502 --- [SpringApplicationShutdownHook] com.zaxxer.hikari.HikariDataSource       : HikariPool-1 - Shutdown initiated...
2025-06-17 13:19:47.280  INFO 82502 --- [SpringApplicationShutdownHook] com.zaxxer.hikari.HikariDataSource       : HikariPool-1 - Shutdown completed.
2025-06-17 13:21:15.222  INFO 83549 --- [main] c.t.p.t.m.c.ProductStockControllerTest   : Starting ProductStockControllerTest using Java 17 on bogon with PID 83549 (started by croot in /Users/croot/Documents/GW/project/IDEA_WorkSpace/ap-product-trading-service)
2025-06-17 13:21:15.222  INFO 83549 --- [main] c.t.p.t.m.c.ProductStockControllerTest   : The following 1 profile is active: "test"
2025-06-17 13:21:15.570  INFO 83549 --- [main] .s.d.r.c.RepositoryConfigurationDelegate : Multiple Spring Data modules found, entering strict repository configuration mode!
2025-06-17 13:21:15.572  INFO 83549 --- [main] .s.d.r.c.RepositoryConfigurationDelegate : Bootstrapping Spring Data Redis repositories in DEFAULT mode.
2025-06-17 13:21:15.587  INFO 83549 --- [main] .s.d.r.c.RepositoryConfigurationDelegate : Finished Spring Data repository scanning in 8 ms. Found 0 Redis repository interfaces.
2025-06-17 13:21:16.670  INFO 83549 --- [main] c.t.p.t.m.c.ProductStockControllerTest   : Started ProductStockControllerTest in 1.588 seconds (JVM running for 2.064)
2025-06-17 13:21:16.867  INFO 83549 --- [main] c.t.p.t.m.c.ProductStockController       : ProductStockController addMerchantProductQty productStockVO:{"merchantNumber":"13910001001","name":"Nike Air Jordan 第1代篮球鞋 38码 白色","price":1299.99,"productQty":10,"sku":"Nike-AJ1-38-WHITE"} 
2025-06-17 13:21:16.870  WARN 83549 --- [main] com.zaxxer.hikari.HikariConfig           : HikariPool-1 - idleTimeout is close to or more than maxLifetime, disabling it.
2025-06-17 13:21:16.870  INFO 83549 --- [main] com.zaxxer.hikari.HikariDataSource       : HikariPool-1 - Starting...
2025-06-17 13:21:17.533  INFO 83549 --- [main] com.zaxxer.hikari.HikariDataSource       : HikariPool-1 - Start completed.
2025-06-17 13:21:17.544  INFO 83549 --- [main] c.t.p.t.m.s.i.ProductStockServiceImpl    : ProductStockServiceImpl addMerchantProductQty productStockVO:{"merchantNumber":"13910001001","name":"Nike Air Jordan 第1代篮球鞋 38码 白色","price":1299.99,"productQty":10,"sku":"Nike-AJ1-38-WHITE"} 
2025-06-17 13:21:17.570  WARN 83549 --- [main] c.b.m.c.t.support.ReflectLambdaMeta      : Unable to make field private final java.lang.Class java.lang.invoke.SerializedLambda.capturingClass accessible: module java.base does not "opens java.lang.invoke" to unnamed module @4e515669
2025-06-17 13:21:18.233  INFO 83549 --- [main] c.t.p.t.m.s.i.ProductStockServiceImpl    : ProductStockServiceImpl addMerchantProductQty，currentValue=76
2025-06-17 13:21:18.329  INFO 83549 --- [main] c.t.p.t.m.s.i.ProductStockServiceImpl    : ProductStockServiceImpl addMerchantProductQty，latestValue=86
2025-06-17 13:21:18.379  INFO 83549 --- [main] c.t.p.t.m.c.ProductStockControllerTest   : {"data":{"id":4,"merchantId":3,"name":"Nike Air Jordan 第1代篮球鞋 38码 白色","price":1299.99,"sku":"Nike-AJ1-38-WHITE","stock":86,"updateTime":1750137677737},"message":"成功","status":200,"success":true}
2025-06-17 13:21:18.495  INFO 83549 --- [SpringApplicationShutdownHook] com.zaxxer.hikari.HikariDataSource       : HikariPool-1 - Shutdown initiated...
2025-06-17 13:21:18.833  INFO 83549 --- [SpringApplicationShutdownHook] com.zaxxer.hikari.HikariDataSource       : HikariPool-1 - Shutdown completed.
2025-06-17 13:21:53.827  INFO 83993 --- [main] c.t.p.t.o.c.OrderInfoControllerTest      : Starting OrderInfoControllerTest using Java 17 on bogon with PID 83993 (started by croot in /Users/croot/Documents/GW/project/IDEA_WorkSpace/ap-product-trading-service)
2025-06-17 13:21:53.828  INFO 83993 --- [main] c.t.p.t.o.c.OrderInfoControllerTest      : The following 1 profile is active: "test"
2025-06-17 13:21:54.151  INFO 83993 --- [main] .s.d.r.c.RepositoryConfigurationDelegate : Multiple Spring Data modules found, entering strict repository configuration mode!
2025-06-17 13:21:54.152  INFO 83993 --- [main] .s.d.r.c.RepositoryConfigurationDelegate : Bootstrapping Spring Data Redis repositories in DEFAULT mode.
2025-06-17 13:21:54.166  INFO 83993 --- [main] .s.d.r.c.RepositoryConfigurationDelegate : Finished Spring Data repository scanning in 7 ms. Found 0 Redis repository interfaces.
2025-06-17 13:21:55.296  INFO 83993 --- [main] c.t.p.t.o.c.OrderInfoControllerTest      : Started OrderInfoControllerTest in 1.604 seconds (JVM running for 2.057)
2025-06-17 13:21:55.499  INFO 83993 --- [main] c.t.p.t.o.c.OrderInfoController          : OrderInfoController buyProductOrder buyProductOrderVO:{"merchantNumber":"13910001001","productQty":1,"sku":"Nike-AJ1-38-WHITE","userNumber":"13920002002"} 
2025-06-17 13:21:55.502  WARN 83993 --- [main] com.zaxxer.hikari.HikariConfig           : HikariPool-1 - idleTimeout is close to or more than maxLifetime, disabling it.
2025-06-17 13:21:55.502  INFO 83993 --- [main] com.zaxxer.hikari.HikariDataSource       : HikariPool-1 - Starting...
2025-06-17 13:21:56.126  INFO 83993 --- [main] com.zaxxer.hikari.HikariDataSource       : HikariPool-1 - Start completed.
2025-06-17 13:21:56.133  INFO 83993 --- [main] c.t.p.t.o.s.impl.OrderInfoServiceImpl    : OrderInfoServiceImpl buyProductOrder buyProductOrderVO:{"merchantNumber":"13910001001","productQty":1,"sku":"Nike-AJ1-38-WHITE","userNumber":"13920002002"} 
2025-06-17 13:21:56.646  WARN 83993 --- [main] c.b.m.c.t.support.ReflectLambdaMeta      : Unable to make field private final java.lang.Class java.lang.invoke.SerializedLambda.capturingClass accessible: module java.base does not "opens java.lang.invoke" to unnamed module @4e515669
2025-06-17 13:21:57.024  INFO 83993 --- [main] c.t.p.t.o.s.impl.OrderInfoServiceImpl    : OrderInfoServiceImpl buyProductOrder 缓存内减库存 thisStock=85
2025-06-17 13:21:57.031  INFO 83993 --- [main] c.t.p.t.o.s.impl.OrderInfoServiceImpl    : OrderInfoServiceImpl addOrder addOrderVO:{"createDt":"20250617","merchantId":3,"price":1299.99,"productId":4,"quantity":1,"status":1,"totalAmount":1299.99,"userId":1} 
2025-06-17 13:21:57.131  INFO 83993 --- [main] c.t.p.t.o.s.impl.OrderInfoServiceImpl    : OrderInfoServiceImpl buyProductOrder orderResponse=JsonResponse{status=200, message='成功', data=OrderInfo(id=10, userId=1, merchantId=3, totalAmount=1299.99, status=1, createDt=20250617, createTime=Tue Jun 17 13:21:57 CST 2025, updateTime=Tue Jun 17 13:21:57 CST 2025)}
2025-06-17 13:21:57.181  INFO 83993 --- [main] c.t.p.t.o.s.impl.OrderInfoServiceImpl    : OrderInfoServiceImpl buyProductOrder productStockEty=ProductStock(id=4, merchantId=null, sku=null, name=null, price=null, stock=85, createTime=null, updateTime=Tue Jun 17 13:21:57 CST 2025) productStockFlag=true
2025-06-17 13:21:57.229  INFO 83993 --- [main] c.t.p.t.o.s.impl.OrderInfoServiceImpl    : OrderInfoServiceImpl buyProductOrder merchantAccountEty=MerchantAccount(id=12, merchantId=null, balance=6499.95, currency=null, setDt=null, createTime=null, updateTime=Tue Jun 17 13:21:57 CST 2025) merchantAccountFlag=true
2025-06-17 13:21:57.274  INFO 83993 --- [main] c.t.p.t.o.s.impl.OrderInfoServiceImpl    : OrderInfoServiceImpl buyProductOrder merchantAccountFlowEty=MerchantAccountFlow(id=4, accountId=12, amount=1299.99, trdType=2, orderId=10, createDt=20250617, createTime=Tue Jun 17 13:21:57 CST 2025, updateTime=Tue Jun 17 13:21:57 CST 2025) merchantAccountFlowFlag=true
2025-06-17 13:21:57.319  INFO 83993 --- [main] c.t.p.t.o.s.impl.OrderInfoServiceImpl    : OrderInfoServiceImpl buyProductOrder userAccountEty=UserAccount(id=1, userId=null, balance=1000.05, currency=null, setDt=null, createTime=null, updateTime=Tue Jun 17 13:21:57 CST 2025) userAccountFlag=true
2025-06-17 13:21:57.360  INFO 83993 --- [main] c.t.p.t.o.s.impl.OrderInfoServiceImpl    : OrderInfoServiceImpl buyProductOrder userAccountFlowEty=UserAccountFlow(id=13, accountId=1, amount=-1299.99, trdType=2, orderId=10, createDt=20250617, createTime=Tue Jun 17 13:21:57 CST 2025, updateTime=Tue Jun 17 13:21:57 CST 2025) userAccountFlowFlag=true
2025-06-17 13:21:57.521  INFO 83993 --- [main] c.t.p.t.o.c.OrderInfoControllerTest      : {"data":{"createDt":"20250617","createTime":1750137717032,"id":10,"merchantId":3,"status":1,"totalAmount":1299.99,"updateTime":1750137717032,"userId":1},"message":"成功","status":200,"success":true}
2025-06-17 13:21:57.635  INFO 83993 --- [SpringApplicationShutdownHook] com.zaxxer.hikari.HikariDataSource       : HikariPool-1 - Shutdown initiated...
2025-06-17 13:21:57.656  INFO 83993 --- [SpringApplicationShutdownHook] com.zaxxer.hikari.HikariDataSource       : HikariPool-1 - Shutdown completed.
2025-06-17 13:24:49.102  INFO 85971 --- [main] c.test.product.trading.BootApplication   : Starting BootApplication using Java 17 on bogon with PID 85971 (/Users/croot/Documents/GW/project/IDEA_WorkSpace/ap-product-trading-service/target/classes started by croot in /Users/croot/Documents/GW/project/IDEA_WorkSpace/ap-product-trading-service)
2025-06-17 13:24:49.104  INFO 85971 --- [main] c.test.product.trading.BootApplication   : The following 1 profile is active: "test"
2025-06-17 13:24:49.453  INFO 85971 --- [main] .s.d.r.c.RepositoryConfigurationDelegate : Multiple Spring Data modules found, entering strict repository configuration mode!
2025-06-17 13:24:49.455  INFO 85971 --- [main] .s.d.r.c.RepositoryConfigurationDelegate : Bootstrapping Spring Data Redis repositories in DEFAULT mode.
2025-06-17 13:24:49.473  INFO 85971 --- [main] .s.d.r.c.RepositoryConfigurationDelegate : Finished Spring Data repository scanning in 9 ms. Found 0 Redis repository interfaces.
2025-06-17 13:24:49.827  INFO 85971 --- [main] o.s.b.w.embedded.tomcat.TomcatWebServer  : Tomcat initialized with port(s): 17560 (http)
2025-06-17 13:24:49.833  INFO 85971 --- [main] o.apache.catalina.core.StandardService   : Starting service [Tomcat]
2025-06-17 13:24:49.833  INFO 85971 --- [main] org.apache.catalina.core.StandardEngine  : Starting Servlet engine: [Apache Tomcat/9.0.60]
2025-06-17 13:24:49.883  INFO 85971 --- [main] o.a.c.c.C.[Tomcat].[localhost].[/]       : Initializing Spring embedded WebApplicationContext
2025-06-17 13:24:49.884  INFO 85971 --- [main] w.s.c.ServletWebServerApplicationContext : Root WebApplicationContext: initialization completed in 756 ms
2025-06-17 13:24:50.609  INFO 85971 --- [main] o.s.b.w.embedded.tomcat.TomcatWebServer  : Tomcat started on port(s): 17560 (http) with context path ''
2025-06-17 13:24:50.616  INFO 85971 --- [main] c.test.product.trading.BootApplication   : Started BootApplication in 1.737 seconds (JVM running for 1.973)
2025-06-17 13:26:00.065  WARN 85971 --- [taskExecutor-Executor-0] c.b.m.c.t.support.ReflectLambdaMeta      : Unable to make field private final java.lang.Class java.lang.invoke.SerializedLambda.capturingClass accessible: module java.base does not "opens java.lang.invoke" to unnamed module @23d2a7e8
2025-06-17 13:26:00.077  WARN 85971 --- [taskExecutor-Executor-0] com.zaxxer.hikari.HikariConfig           : HikariPool-1 - idleTimeout is close to or more than maxLifetime, disabling it.
2025-06-17 13:26:00.077  INFO 85971 --- [taskExecutor-Executor-0] com.zaxxer.hikari.HikariDataSource       : HikariPool-1 - Starting...
2025-06-17 13:26:00.664  INFO 85971 --- [taskExecutor-Executor-0] com.zaxxer.hikari.HikariDataSource       : HikariPool-1 - Start completed.
2025-06-17 13:26:04.876  INFO 85971 --- [taskExecutor-Executor-0] c.t.p.t.m.job.MerchantScheduledJob       : MerchantScheduledJob clearBatch 每日定时结算完成！yesterday=20250616 outList=[MerchantAccount(id=13, merchantId=3, balance=5199.96, currency=CNY, setDt=20250616, createTime=null, updateTime=Tue Jun 17 13:26:04 CST 2025)]
2025-06-17 13:26:51.171  INFO 85971 --- [SpringApplicationShutdownHook] com.zaxxer.hikari.HikariDataSource       : HikariPool-1 - Shutdown initiated...
2025-06-17 13:26:51.172  INFO 85971 --- [SpringApplicationShutdownHook] com.zaxxer.hikari.HikariDataSource       : HikariPool-1 - Shutdown completed.
2025-06-17 14:35:10.917  INFO 34232 --- [main] c.test.product.trading.BootApplication   : Starting BootApplication v1.0 using Java 17 on bogon with PID 34232 (/Users/croot/Documents/GW/project/IDEA_WorkSpace/ap-product-trading-service/target/product-trading-service.jar started by croot in /Users/croot/Documents/GW/project/IDEA_WorkSpace/ap-product-trading-service)
2025-06-17 14:35:10.920  INFO 34232 --- [main] c.test.product.trading.BootApplication   : The following 1 profile is active: "test"
2025-06-17 14:35:11.542  INFO 34232 --- [main] .s.d.r.c.RepositoryConfigurationDelegate : Multiple Spring Data modules found, entering strict repository configuration mode!
2025-06-17 14:35:11.544  INFO 34232 --- [main] .s.d.r.c.RepositoryConfigurationDelegate : Bootstrapping Spring Data Redis repositories in DEFAULT mode.
2025-06-17 14:35:11.566  INFO 34232 --- [main] .s.d.r.c.RepositoryConfigurationDelegate : Finished Spring Data repository scanning in 7 ms. Found 0 Redis repository interfaces.
2025-06-17 14:35:12.052  INFO 34232 --- [main] o.s.b.w.embedded.tomcat.TomcatWebServer  : Tomcat initialized with port(s): 17560 (http)
2025-06-17 14:35:12.059  INFO 34232 --- [main] o.apache.catalina.core.StandardService   : Starting service [Tomcat]
2025-06-17 14:35:12.059  INFO 34232 --- [main] org.apache.catalina.core.StandardEngine  : Starting Servlet engine: [Apache Tomcat/9.0.60]
2025-06-17 14:35:12.103  INFO 34232 --- [main] o.a.c.c.C.[Tomcat].[localhost].[/]       : Initializing Spring embedded WebApplicationContext
2025-06-17 14:35:12.103  INFO 34232 --- [main] w.s.c.ServletWebServerApplicationContext : Root WebApplicationContext: initialization completed in 1135 ms
2025-06-17 14:35:13.041  INFO 34232 --- [main] o.s.b.w.embedded.tomcat.TomcatWebServer  : Tomcat started on port(s): 17560 (http) with context path ''
2025-06-17 14:35:13.048  INFO 34232 --- [main] c.test.product.trading.BootApplication   : Started BootApplication in 2.373 seconds (JVM running for 2.665)
